/home/amizuno/phylo_spatial_tutorial_revision/revision_checks/reviewer18_cleaned_primary_outputs/profiles/spatial_only_tau2_0.csv 
/home/amizuno/phylo_spatial_tutorial_revision/revision_checks/reviewer18_cleaned_primary_outputs/profiles/spatial_only_rho_0.005.csv 
/home/amizuno/phylo_spatial_tutorial_revision/revision_checks/reviewer18_cleaned_primary_outputs/profiles/spatial_only_rho_0.1.csv 
/home/amizuno/phylo_spatial_tutorial_revision/revision_checks/reviewer18_cleaned_primary_outputs/profiles/spatial_only_rho_0.136938581658506.csv 
/home/amizuno/phylo_spatial_tutorial_revision/revision_checks/reviewer18_cleaned_primary_outputs/profiles/spatial_only_rho_0.2.csv 
/home/amizuno/phylo_spatial_tutorial_revision/revision_checks/reviewer18_cleaned_primary_outputs/profiles/spatial_only_rho_0.3.csv 
/home/amizuno/phylo_spatial_tutorial_revision/revision_checks/reviewer18_cleaned_primary_outputs/profiles/spatial_only_rho_0.05.csv 
/home/amizuno/phylo_spatial_tutorial_revision/revision_checks/reviewer18_cleaned_primary_outputs/profiles/spatial_only_rho_0.02.csv 
/home/amizuno/phylo_spatial_tutorial_revision/revision_checks/reviewer18_cleaned_primary_outputs/profiles/spatial_only_rho_0.5.csv 
/home/amizuno/phylo_spatial_tutorial_revision/revision_checks/reviewer18_cleaned_primary_outputs/profiles/spatial_only_rho_1.csv 
/home/amizuno/phylo_spatial_tutorial_revision/revision_checks/reviewer18_cleaned_primary_outputs/profiles/combined_tau2_0.csv 
/home/amizuno/phylo_spatial_tutorial_revision/revision_checks/reviewer18_cleaned_primary_outputs/profiles/spatial_only_rho_3.csv 
/home/amizuno/phylo_spatial_tutorial_revision/revision_checks/reviewer18_cleaned_primary_outputs/profiles/spatial_only_tau2_1.3.csv 
/home/amizuno/phylo_spatial_tutorial_revision/revision_checks/reviewer18_cleaned_primary_outputs/profiles/spatial_only_tau2_1.14948139553663.csv 
/home/amizuno/phylo_spatial_tutorial_revision/revision_checks/reviewer18_cleaned_primary_outputs/profiles/spatial_only_tau2_0.5.csv 
/home/amizuno/phylo_spatial_tutorial_revision/revision_checks/reviewer18_cleaned_primary_outputs/profiles/spatial_only_tau2_1.5.csv 
/home/amizuno/phylo_spatial_tutorial_revision/revision_checks/reviewer18_cleaned_primary_outputs/profiles/spatial_only_tau2_2.csv 
/home/amizuno/phylo_spatial_tutorial_revision/revision_checks/reviewer18_cleaned_primary_outputs/profiles/spatial_only_tau2_0.8.csv 
/home/amizuno/phylo_spatial_tutorial_revision/revision_checks/reviewer18_cleaned_primary_outputs/profiles/spatial_only_tau2_3.csv 
/home/amizuno/phylo_spatial_tutorial_revision/revision_checks/reviewer18_cleaned_primary_outputs/profiles/spatial_only_tau2_1.csv 
/home/amizuno/phylo_spatial_tutorial_revision/revision_checks/reviewer18_cleaned_primary_outputs/profiles/combined_rho_0.1.csv 
/home/amizuno/phylo_spatial_tutorial_revision/revision_checks/reviewer18_cleaned_primary_outputs/profiles/spatial_only_rho_10.csv 
/home/amizuno/phylo_spatial_tutorial_revision/revision_checks/reviewer18_cleaned_primary_outputs/profiles/combined_rho_1.csv 
/home/amizuno/phylo_spatial_tutorial_revision/revision_checks/reviewer18_cleaned_primary_outputs/profiles/combined_tau2_0.04.csv 
/home/amizuno/phylo_spatial_tutorial_revision/revision_checks/reviewer18_cleaned_primary_outputs/profiles/combined_tau2_0.02.csv 
/home/amizuno/phylo_spatial_tutorial_revision/revision_checks/reviewer18_cleaned_primary_outputs/profiles/combined_tau2_0.005.csv 
/home/amizuno/phylo_spatial_tutorial_revision/revision_checks/reviewer18_cleaned_primary_outputs/profiles/combined_tau2_0.01.csv 
/home/amizuno/phylo_spatial_tutorial_revision/revision_checks/reviewer18_cleaned_primary_outputs/profiles/combined_tau2_0.0478459017885566.csv 
/home/amizuno/phylo_spatial_tutorial_revision/revision_checks/reviewer18_cleaned_primary_outputs/profiles/combined_tau2_0.06.csv 
/home/amizuno/phylo_spatial_tutorial_revision/revision_checks/reviewer18_cleaned_primary_outputs/profiles/combined_tau2_0.1.csv 
/home/amizuno/phylo_spatial_tutorial_revision/revision_checks/reviewer18_cleaned_primary_outputs/profiles/combined_tau2_0.2.csv 
/home/amizuno/phylo_spatial_tutorial_revision/revision_checks/reviewer18_cleaned_primary_outputs/profiles/combined_tau2_0.4.csv 
/home/amizuno/phylo_spatial_tutorial_revision/revision_checks/reviewer18_cleaned_primary_outputs/profiles/combined_rho_200.csv 
/home/amizuno/phylo_spatial_tutorial_revision/revision_checks/reviewer18_cleaned_primary_outputs/profiles/combined_rho_100.csv 
/home/amizuno/phylo_spatial_tutorial_revision/revision_checks/reviewer18_cleaned_primary_outputs/profiles/combined_rho_385.csv 
/home/amizuno/phylo_spatial_tutorial_revision/revision_checks/reviewer18_cleaned_primary_outputs/profiles/combined_rho_700.csv 
/home/amizuno/phylo_spatial_tutorial_revision/revision_checks/reviewer18_cleaned_primary_outputs/profiles/combined_rho_1500.csv 
/home/amizuno/phylo_spatial_tutorial_revision/revision_checks/reviewer18_cleaned_primary_outputs/profiles/combined_rho_2058.90694724748.csv 
/home/amizuno/phylo_spatial_tutorial_revision/revision_checks/reviewer18_cleaned_primary_outputs/profiles/combined_rho_3000.csv 
/home/amizuno/phylo_spatial_tutorial_revision/revision_checks/reviewer18_cleaned_primary_outputs/profiles/combined_rho_6000.csv 
/home/amizuno/phylo_spatial_tutorial_revision/revision_checks/reviewer18_cleaned_primary_outputs/profiles/combined_rho_12000.csv 
/home/amizuno/phylo_spatial_tutorial_revision/revision_checks/reviewer18_cleaned_primary_outputs/profiles/combined_rho_10.csv 
/home/amizuno/phylo_spatial_tutorial_revision/revision_checks/reviewer18_cleaned_primary_outputs/profiles/combined_rho_30.csv 
PROFILE_GRID_COMPLETE points=43 workers=16
