  fixed_tau2 rho_start final_rho_km logLik_REML
1        0.8      0.02   0.03720781   -3986.907
                                  status elapsed_seconds warnings
1 completed_no_explicit_optimizer_status          30.252         
  fixed_tau2 rho_start final_rho_km logLik_REML
1          1      0.02   0.04104822   -3981.213
                                  status elapsed_seconds warnings
1 completed_no_explicit_optimizer_status          35.442         
  fixed_tau2 rho_start final_rho_km logLik_REML
1        1.3      0.14    0.1512252   -3981.017
                                  status elapsed_seconds warnings
1 completed_no_explicit_optimizer_status          36.248         
  fixed_tau2 rho_start final_rho_km logLik_REML
1        0.8      0.14   0.03720869   -3986.907
                                  status elapsed_seconds warnings
1 completed_no_explicit_optimizer_status           43.06         
  fixed_tau2 rho_start final_rho_km logLik_REML
1        1.3      0.02   0.05388041   -3981.037
                                  status elapsed_seconds warnings
1 completed_no_explicit_optimizer_status          49.571         
  fixed_tau2 rho_start final_rho_km logLik_REML
1        1.3       0.3    0.1512256   -3981.017
                                  status elapsed_seconds warnings
1 completed_no_explicit_optimizer_status          50.173         
  fixed_tau2 rho_start final_rho_km logLik_REML
1          1      0.14   0.04105036   -3981.213
                                  status elapsed_seconds warnings
1 completed_no_explicit_optimizer_status          67.023         
  fixed_tau2 rho_start final_rho_km logLik_REML
1        0.8       0.3   0.03720884   -3986.907
                                  status elapsed_seconds warnings
1 completed_no_explicit_optimizer_status          68.663         
  fixed_tau2 rho_start final_rho_km logLik_REML
1          1       0.3   0.04104884   -3981.213
                                  status elapsed_seconds warnings
1 completed_no_explicit_optimizer_status          90.708         
TARGETED_MULTISTART_COMPLETE points=9 workers=9
