

processing file: tutorial_v2.qmd
1/179                    
2/179 [unnamed-chunk-1]  
3/179                    
4/179 [unnamed-chunk-2]  
5/179                    
6/179 [way 1 - phylometa]
7/179                    
8/179 [unnamed-chunk-3]  
9/179                    
10/179 [unnamed-chunk-4]  
11/179                    
12/179 [unnamed-chunk-5]  
13/179                    
14/179 [unnamed-chunk-6]  
15/179                    
16/179 [unnamed-chunk-7]  
17/179                    
18/179 [unnamed-chunk-8]  
19/179                    
20/179 [unnamed-chunk-9]  
21/179                    
22/179 [unnamed-chunk-10] 
23/179                    
24/179 [unnamed-chunk-11] 
25/179                    
26/179 [unnamed-chunk-12] 
27/179                    
28/179 [unnamed-chunk-13] 
29/179                    
30/179 [unnamed-chunk-14] 


Quitting from tutorial_v2.qmd:453-480 [unnamed-chunk-14]
Execution halted
WARN: Error encountered when rendering files
